Configuration on demand is an incubating feature.

FAILURE: Build failed with an exception.

* What went wrong:
Task 'compileDebugJava' is ambiguous in root project 'ChatAI-Android' and its subprojects. Candidates are: 'compileDebugAndroidTestJavaWithJavac', 'compileDebugJavaWithJavac', 'compileDebugUnitTestJavaWithJavac'.

* Try:
> Run gradlew tasks to get a list of available tasks.
> For more on name expansion, please refer to https://docs.gradle.org/8.6/userguide/command_line_interface.html#sec:name_abbreviation in the Gradle documentation.
> Run with --stacktrace option to get the stack trace.
> Run with --info or --debug option to get more log output.
> Run with --scan to get full insights.
> Get more help at https://help.gradle.org.

BUILD FAILED in 591ms
